Searching File(s):  C:\WORKSPACE\NETBEANSPROJECTS\LABELDESIGNER\*.*
(Ignore case) for pattern:  'PNG'

Pattern found in file:  C:\WORKSPACE\NETBEANSPROJECTS\LABELDESIGNER\.gitignore
    17 web/images/jquery.minicolors.png
    20 web/images/ui-bg_diagonals-thick_18_b81900_40x40.png
    21 web/images/ui-bg_diagonals-thick_20_666666_40x40.png
    22 web/images/ui-bg_flat_10_000000_40x100.png
    23 web/images/ui-bg_glass_100_f6f6f6_1x400.png
    24 web/images/ui-bg_glass_100_fdf5ce_1x400.png
    25 web/images/ui-bg_glass_65_ffffff_1x400.png
    26 web/images/ui-bg_gloss-wave_35_f6a828_500x100.png
    27 web/images/ui-bg_highlight-soft_100_eeeeee_1x100.png
    28 web/images/ui-bg_highlight-soft_75_ffe45c_1x100.png
    29 web/images/ui-icons_222222_256x240.png
    30 web/images/ui-icons_228ef1_256x240.png
    31 web/images/ui-icons_ef8c08_256x240.png
    32 web/images/ui-icons_ffd27a_256x240.png
    33 web/images/ui-icons_ffffff_256x240.png

Pattern found in file:  C:\WORKSPACE\NETBEANSPROJECTS\LABELDESIGNER\build\web\css\farbtastic.css
    19   background: url(wheel.png) no-repeat;
    24   background: url(mask.png) no-repeat;
    31   background: url(marker.png) no-repeat;

Pattern found in file:  C:\WORKSPACE\NETBEANSPROJECTS\LABELDESIGNER\build\web\css\jquery.minicolors.css
     8 	background: url(jquery.minicolors.png) -80px 0;
    76 	background: url(jquery.minicolors.png) -120px 0;
    94 	background: url(jquery.minicolors.png) -270px 0;
   116 	background: white url(jquery.minicolors.png) 0 0;

Pattern found in file:  C:\WORKSPACE\NETBEANSPROJECTS\LABELDESIGNER\build\web\css\result-light.css
    33 	background: #eeeeee url(../images/ui-bg_highlight-soft_100_eeeeee_1x100.png) 50% top repeat-x;
    41 	background: #f6a828 url(../images/ui-bg_gloss-wave_35_f6a828_500x100.png) 50% 50% repeat-x;
    55 	background: #f6f6f6 url(../images/ui-bg_glass_100_f6f6f6_1x400.png) 50% 50% repeat-x;
    72 	background: #fdf5ce url(../images/ui-bg_glass_100_fdf5ce_1x400.png) 50% 50% repeat-x;
    87 	background: #ffffff url(../images/ui-bg_glass_65_ffffff_1x400.png) 50% 50% repeat-x;
   104 	background: #ffe45c url(../images/ui-bg_highlight-soft_75_ffe45c_1x100.png) 50% top repeat-x;
   116 	background: #b81900 url(../images/ui-bg_diagonals-thick_18_b81900_40x40.png) 50% 50% repeat;
   163 	background-image: url(../images/ui-icons_222222_256x240.png);
   166 	background-image: url(../images/ui-icons_ffffff_256x240.png);
   169 	background-image: url(../images/ui-icons_ef8c08_256x240.png);
   173 	background-image: url(../images/ui-icons_ef8c08_256x240.png);
   176 	background-image: url(../images/ui-icons_ef8c08_256x240.png);
   179 	background-image: url(../images/ui-icons_228ef1_256x240.png);
   183 	background-image: url(../images/ui-icons_ffd27a_256x240.png);
   395 	background: #666666 url(../images/ui-bg_diagonals-thick_20_666666_40x40.png) 50% 50% repeat;
   402 	background: #000000 url(../images/ui-bg_flat_10_000000_40x100.png) 50% 50% repeat-x;

Pattern found in file:  C:\WORKSPACE\NETBEANSPROJECTS\LABELDESIGNER\build\web\jquery-minicolors-master\jquery.minicolors.css
     8 	background: url(jquery.minicolors.png) -80px 0;
    76 	background: url(jquery.minicolors.png) -120px 0;
    94 	background: url(jquery.minicolors.png) -270px 0;
   116 	background: white url(jquery.minicolors.png) 0 0;

Pattern found in file:  C:\WORKSPACE\NETBEANSPROJECTS\LABELDESIGNER\build\web\js\farbtastic.js
    32   // Fix background PNGs in IE6

Pattern found in file:  C:\WORKSPACE\NETBEANSPROJECTS\LABELDESIGNER\web\css\farbtastic.css
    19   background: url(wheel.png) no-repeat;
    24   background: url(mask.png) no-repeat;
    31   background: url(marker.png) no-repeat;

Pattern found in file:  C:\WORKSPACE\NETBEANSPROJECTS\LABELDESIGNER\web\css\jquery.minicolors.css
     8 	background: url(jquery.minicolors.png) -80px 0;
    76 	background: url(jquery.minicolors.png) -120px 0;
    94 	background: url(jquery.minicolors.png) -270px 0;
   116 	background: white url(jquery.minicolors.png) 0 0;

Pattern found in file:  C:\WORKSPACE\NETBEANSPROJECTS\LABELDESIGNER\web\css\result-light.css
    33 	background: #eeeeee url(../images/ui-bg_highlight-soft_100_eeeeee_1x100.png) 50% top repeat-x;
    41 	background: #f6a828 url(../images/ui-bg_gloss-wave_35_f6a828_500x100.png) 50% 50% repeat-x;
    55 	background: #f6f6f6 url(../images/ui-bg_glass_100_f6f6f6_1x400.png) 50% 50% repeat-x;
    72 	background: #fdf5ce url(../images/ui-bg_glass_100_fdf5ce_1x400.png) 50% 50% repeat-x;
    87 	background: #ffffff url(../images/ui-bg_glass_65_ffffff_1x400.png) 50% 50% repeat-x;
   104 	background: #ffe45c url(../images/ui-bg_highlight-soft_75_ffe45c_1x100.png) 50% top repeat-x;
   116 	background: #b81900 url(../images/ui-bg_diagonals-thick_18_b81900_40x40.png) 50% 50% repeat;
   163 	background-image: url(../images/ui-icons_222222_256x240.png);
   166 	background-image: url(../images/ui-icons_ffffff_256x240.png);
   169 	background-image: url(../images/ui-icons_ef8c08_256x240.png);
   173 	background-image: url(../images/ui-icons_ef8c08_256x240.png);
   176 	background-image: url(../images/ui-icons_ef8c08_256x240.png);
   179 	background-image: url(../images/ui-icons_228ef1_256x240.png);
   183 	background-image: url(../images/ui-icons_ffd27a_256x240.png);
   395 	background: #666666 url(../images/ui-bg_diagonals-thick_20_666666_40x40.png) 50% 50% repeat;
   402 	background: #000000 url(../images/ui-bg_flat_10_000000_40x100.png) 50% 50% repeat-x;

Pattern found in file:  C:\WORKSPACE\NETBEANSPROJECTS\LABELDESIGNER\web\jquery-minicolors-master\jquery.minicolors.css
     8 	background: url(jquery.minicolors.png) -80px 0;
    76 	background: url(jquery.minicolors.png) -120px 0;
    94 	background: url(jquery.minicolors.png) -270px 0;
   116 	background: white url(jquery.minicolors.png) 0 0;

Pattern found in file:  C:\WORKSPACE\NETBEANSPROJECTS\LABELDESIGNER\web\js\farbtastic.js
    32   // Fix background PNGs in IE6
Files:  eXcluded from search .....:     44

Number of directories searched:  42
Number of files searched:  164
Number of files with pattern:  11
Total records searched:  84047
Total records with pattern:  71
